
  .   ____          _            __ _ _
 /\\ / ___'_ __ _ _(_)_ __  __ _ \ \ \ \
( ( )\___ | '_ | '_| | '_ \/ _` | \ \ \ \
 \\/  ___)| |_)| | | | | || (_| |  ) ) ) )
  '  |____| .__|_| |_|_| |_\__, | / / / /
 =========|_|==============|___/=/_/_/_/

 :: Spring Boot ::                (v3.4.1)

2026-08-06T14:53:57.546+08:00  INFO 16768 --- [aluco-server] [           main] c.aluco.server.AlucoServerApplication    : Starting AlucoServerApplication v1.0.0 using Java 21.0.3 with PID 16768 (D:\Program\Iot\aluco\aluco-server\target\aluco-server-1.0.0.jar started by asus in D:\Program\Iot\aluco\aluco-server)
2026-08-06T14:53:57.547+08:00  INFO 16768 --- [aluco-server] [           main] c.aluco.server.AlucoServerApplication    : No active profile set, falling back to 1 default profile: "default"
2026-08-06T14:53:58.898+08:00  INFO 16768 --- [aluco-server] [           main] .s.d.r.c.RepositoryConfigurationDelegate : Multiple Spring Data modules found, entering strict repository configuration mode
2026-08-06T14:53:58.900+08:00  INFO 16768 --- [aluco-server] [           main] .s.d.r.c.RepositoryConfigurationDelegate : Bootstrapping Spring Data JPA repositories in DEFAULT mode.
2026-08-06T14:53:59.037+08:00  INFO 16768 --- [aluco-server] [           main] .s.d.r.c.RepositoryConfigurationDelegate : Finished Spring Data repository scanning in 133 ms. Found 7 JPA repository interfaces.
2026-08-06T14:53:59.062+08:00  INFO 16768 --- [aluco-server] [           main] .s.d.r.c.RepositoryConfigurationDelegate : Multiple Spring Data modules found, entering strict repository configuration mode
2026-08-06T14:53:59.063+08:00  INFO 16768 --- [aluco-server] [           main] .s.d.r.c.RepositoryConfigurationDelegate : Bootstrapping Spring Data Redis repositories in DEFAULT mode.
2026-08-06T14:53:59.071+08:00  INFO 16768 --- [aluco-server] [           main] .RepositoryConfigurationExtensionSupport : Spring Data Redis - Could not safely identify store assignment for repository candidate interface com.aluco.server.alerting.AlertEventRepository; If you want this repository to be a Redis repository, consider annotating your entities with one of these annotations: org.springframework.data.redis.core.RedisHash (preferred), or consider extending one of the following types with your repository: org.springframework.data.keyvalue.repository.KeyValueRepository
2026-08-06T14:53:59.071+08:00  INFO 16768 --- [aluco-server] [           main] .RepositoryConfigurationExtensionSupport : Spring Data Redis - Could not safely identify store assignment for repository candidate interface com.aluco.server.alerting.AlertRuleRepository; If you want this repository to be a Redis repository, consider annotating your entities with one of these annotations: org.springframework.data.redis.core.RedisHash (preferred), or consider extending one of the following types with your repository: org.springframework.data.keyvalue.repository.KeyValueRepository
2026-08-06T14:53:59.071+08:00  INFO 16768 --- [aluco-server] [           main] .RepositoryConfigurationExtensionSupport : Spring Data Redis - Could not safely identify store assignment for repository candidate interface com.aluco.server.api.UserRepository; If you want this repository to be a Redis repository, consider annotating your entities with one of these annotations: org.springframework.data.redis.core.RedisHash (preferred), or consider extending one of the following types with your repository: org.springframework.data.keyvalue.repository.KeyValueRepository
2026-08-06T14:53:59.071+08:00  INFO 16768 --- [aluco-server] [           main] .RepositoryConfigurationExtensionSupport : Spring Data Redis - Could not safely identify store assignment for repository candidate interface com.aluco.server.auth.AppUserRepository; If you want this repository to be a Redis repository, consider annotating your entities with one of these annotations: org.springframework.data.redis.core.RedisHash (preferred), or consider extending one of the following types with your repository: org.springframework.data.keyvalue.repository.KeyValueRepository
2026-08-06T14:53:59.071+08:00  INFO 16768 --- [aluco-server] [           main] .RepositoryConfigurationExtensionSupport : Spring Data Redis - Could not safely identify store assignment for repository candidate interface com.aluco.server.command.CommandRepository; If you want this repository to be a Redis repository, consider annotating your entities with one of these annotations: org.springframework.data.redis.core.RedisHash (preferred), or consider extending one of the following types with your repository: org.springframework.data.keyvalue.repository.KeyValueRepository
2026-08-06T14:53:59.071+08:00  INFO 16768 --- [aluco-server] [           main] .RepositoryConfigurationExtensionSupport : Spring Data Redis - Could not safely identify store assignment for repository candidate interface com.aluco.server.device.DeviceRepository; If you want this repository to be a Redis repository, consider annotating your entities with one of these annotations: org.springframework.data.redis.core.RedisHash (preferred), or consider extending one of the following types with your repository: org.springframework.data.keyvalue.repository.KeyValueRepository
2026-08-06T14:53:59.071+08:00  INFO 16768 --- [aluco-server] [           main] .RepositoryConfigurationExtensionSupport : Spring Data Redis - Could not safely identify store assignment for repository candidate interface com.aluco.server.device.DeviceTombstoneRepository; If you want this repository to be a Redis repository, consider annotating your entities with one of these annotations: org.springframework.data.redis.core.RedisHash (preferred), or consider extending one of the following types with your repository: org.springframework.data.keyvalue.repository.KeyValueRepository
2026-08-06T14:53:59.071+08:00  INFO 16768 --- [aluco-server] [           main] .s.d.r.c.RepositoryConfigurationDelegate : Finished Spring Data repository scanning in 9 ms. Found 0 Redis repository interfaces.
2026-08-06T14:53:59.870+08:00  WARN 16768 --- [aluco-server] [           main] o.a.catalina.core.AprLifecycleListener   : The Apache Tomcat Native library failed to load. The error reported was [D:\Application\apache-tomcat-8.5.99-windows-x86\apache-tomcat-8.5.99\bin\tcnative-1.dll: Can't load IA 32-bit .dll on a AMD 64-bit platform]

java.lang.UnsatisfiedLinkError: D:\Application\apache-tomcat-8.5.99-windows-x86\apache-tomcat-8.5.99\bin\tcnative-1.dll: Can't load IA 32-bit .dll on a AMD 64-bit platform
	at java.base/jdk.internal.loader.NativeLibraries.load(Native Method) ~[na:na]
	at java.base/jdk.internal.loader.NativeLibraries$NativeLibraryImpl.open(NativeLibraries.java:331) ~[na:na]
	at java.base/jdk.internal.loader.NativeLibraries.loadLibrary(NativeLibraries.java:197) ~[na:na]
	at java.base/jdk.internal.loader.NativeLibraries.loadLibrary(NativeLibraries.java:139) ~[na:na]
	at java.base/jdk.internal.loader.NativeLibraries.findFromPaths(NativeLibraries.java:259) ~[na:na]
	at java.base/jdk.internal.loader.NativeLibraries.loadLibrary(NativeLibraries.java:251) ~[na:na]
	at java.base/java.lang.ClassLoader.loadLibrary(ClassLoader.java:2451) ~[na:na]
	at java.base/java.lang.Runtime.loadLibrary0(Runtime.java:916) ~[na:na]
	at java.base/java.lang.System.loadLibrary(System.java:2063) ~[na:na]
	at org.apache.tomcat.jni.Library.<init>(Library.java:62) ~[tomcat-embed-core-10.1.34.jar!/:na]
	at org.apache.tomcat.jni.Library.initialize(Library.java:147) ~[tomcat-embed-core-10.1.34.jar!/:na]
	at org.apache.catalina.core.AprLifecycleListener.init(AprLifecycleListener.java:211) ~[tomcat-embed-core-10.1.34.jar!/:na]
	at org.apache.catalina.core.AprLifecycleListener.isAprAvailable(AprLifecycleListener.java:113) ~[tomcat-embed-core-10.1.34.jar!/:na]
	at org.springframework.boot.web.embedded.tomcat.TomcatServletWebServerFactory.getDefaultServerLifecycleListeners(TomcatServletWebServerFactory.java:191) ~[spring-boot-3.4.1.jar!/:3.4.1]
	at org.springframework.boot.web.embedded.tomcat.TomcatServletWebServerFactory.<init>(TomcatServletWebServerFactory.java:138) ~[spring-boot-3.4.1.jar!/:3.4.1]
	at org.springframework.boot.autoconfigure.web.servlet.ServletWebServerFactoryConfiguration$EmbeddedTomcat.tomcatServletWebServerFactory(ServletWebServerFactoryConfiguration.java:73) ~[spring-boot-autoconfigure-3.4.1.jar!/:3.4.1]
	at java.base/jdk.internal.reflect.DirectMethodHandleAccessor.invoke(DirectMethodHandleAccessor.java:103) ~[na:na]
	at java.base/java.lang.reflect.Method.invoke(Method.java:580) ~[na:na]
	at org.springframework.beans.factory.support.SimpleInstantiationStrategy.lambda$instantiate$0(SimpleInstantiationStrategy.java:171) ~[spring-beans-6.2.1.jar!/:6.2.1]
	at org.springframework.beans.factory.support.SimpleInstantiationStrategy.instantiateWithFactoryMethod(SimpleInstantiationStrategy.java:88) ~[spring-beans-6.2.1.jar!/:6.2.1]
	at org.springframework.beans.factory.support.SimpleInstantiationStrategy.instantiate(SimpleInstantiationStrategy.java:168) ~[spring-beans-6.2.1.jar!/:6.2.1]
	at org.springframework.beans.factory.support.ConstructorResolver.instantiate(ConstructorResolver.java:653) ~[spring-beans-6.2.1.jar!/:6.2.1]
	at org.springframework.beans.factory.support.ConstructorResolver.instantiateUsingFactoryMethod(ConstructorResolver.java:645) ~[spring-beans-6.2.1.jar!/:6.2.1]
	at org.springframework.beans.factory.support.AbstractAutowireCapableBeanFactory.instantiateUsingFactoryMethod(AbstractAutowireCapableBeanFactory.java:1357) ~[spring-beans-6.2.1.jar!/:6.2.1]
	at org.springframework.beans.factory.support.AbstractAutowireCapableBeanFactory.createBeanInstance(AbstractAutowireCapableBeanFactory.java:1187) ~[spring-beans-6.2.1.jar!/:6.2.1]
	at org.springframework.beans.factory.support.AbstractAutowireCapableBeanFactory.doCreateBean(AbstractAutowireCapableBeanFactory.java:563) ~[spring-beans-6.2.1.jar!/:6.2.1]
	at org.springframework.beans.factory.support.AbstractAutowireCapableBeanFactory.createBean(AbstractAutowireCapableBeanFactory.java:523) ~[spring-beans-6.2.1.jar!/:6.2.1]
	at org.springframework.beans.factory.support.AbstractBeanFactory.lambda$doGetBean$0(AbstractBeanFactory.java:336) ~[spring-beans-6.2.1.jar!/:6.2.1]
	at org.springframework.beans.factory.support.DefaultSingletonBeanRegistry.getSingleton(DefaultSingletonBeanRegistry.java:289) ~[spring-beans-6.2.1.jar!/:6.2.1]
	at org.springframework.beans.factory.support.AbstractBeanFactory.doGetBean(AbstractBeanFactory.java:334) ~[spring-beans-6.2.1.jar!/:6.2.1]
	at org.springframework.beans.factory.support.AbstractBeanFactory.getBean(AbstractBeanFactory.java:204) ~[spring-beans-6.2.1.jar!/:6.2.1]
	at org.springframework.boot.web.servlet.context.ServletWebServerApplicationContext.getWebServerFactory(ServletWebServerApplicationContext.java:223) ~[spring-boot-3.4.1.jar!/:3.4.1]
	at org.springframework.boot.web.servlet.context.ServletWebServerApplicationContext.createWebServer(ServletWebServerApplicationContext.java:186) ~[spring-boot-3.4.1.jar!/:3.4.1]
	at org.springframework.boot.web.servlet.context.ServletWebServerApplicationContext.onRefresh(ServletWebServerApplicationContext.java:162) ~[spring-boot-3.4.1.jar!/:3.4.1]
	at org.springframework.context.support.AbstractApplicationContext.refresh(AbstractApplicationContext.java:621) ~[spring-context-6.2.1.jar!/:6.2.1]
	at org.springframework.boot.web.servlet.context.ServletWebServerApplicationContext.refresh(ServletWebServerApplicationContext.java:146) ~[spring-boot-3.4.1.jar!/:3.4.1]
	at org.springframework.boot.SpringApplication.refresh(SpringApplication.java:752) ~[spring-boot-3.4.1.jar!/:3.4.1]
	at org.springframework.boot.SpringApplication.refreshContext(SpringApplication.java:439) ~[spring-boot-3.4.1.jar!/:3.4.1]
	at org.springframework.boot.SpringApplication.run(SpringApplication.java:318) ~[spring-boot-3.4.1.jar!/:3.4.1]
	at org.springframework.boot.SpringApplication.run(SpringApplication.java:1361) ~[spring-boot-3.4.1.jar!/:3.4.1]
	at org.springframework.boot.SpringApplication.run(SpringApplication.java:1350) ~[spring-boot-3.4.1.jar!/:3.4.1]
	at com.aluco.server.AlucoServerApplication.main(AlucoServerApplication.java:12) ~[!/:1.0.0]
	at java.base/jdk.internal.reflect.DirectMethodHandleAccessor.invoke(DirectMethodHandleAccessor.java:103) ~[na:na]
	at java.base/java.lang.reflect.Method.invoke(Method.java:580) ~[na:na]
	at org.springframework.boot.loader.launch.Launcher.launch(Launcher.java:102) ~[aluco-server-1.0.0.jar:1.0.0]
	at org.springframework.boot.loader.launch.Launcher.launch(Launcher.java:64) ~[aluco-server-1.0.0.jar:1.0.0]
	at org.springframework.boot.loader.launch.JarLauncher.main(JarLauncher.java:40) ~[aluco-server-1.0.0.jar:1.0.0]

2026-08-06T14:54:00.364+08:00  INFO 16768 --- [aluco-server] [           main] o.s.b.w.embedded.tomcat.TomcatWebServer  : Tomcat initialized with port 8080 (http)
2026-08-06T14:54:00.384+08:00  INFO 16768 --- [aluco-server] [           main] o.apache.catalina.core.StandardService   : Starting service [Tomcat]
2026-08-06T14:54:00.384+08:00  INFO 16768 --- [aluco-server] [           main] o.apache.catalina.core.StandardEngine    : Starting Servlet engine: [Apache Tomcat/10.1.34]
2026-08-06T14:54:00.446+08:00  INFO 16768 --- [aluco-server] [           main] o.a.c.c.C.[Tomcat].[localhost].[/]       : Initializing Spring embedded WebApplicationContext
2026-08-06T14:54:00.447+08:00  INFO 16768 --- [aluco-server] [           main] w.s.c.ServletWebServerApplicationContext : Root WebApplicationContext: initialization completed in 2845 ms
2026-08-06T14:54:01.123+08:00  INFO 16768 --- [aluco-server] [           main] com.zaxxer.hikari.HikariDataSource       : HikariPool-1 - Starting...
2026-08-06T14:54:01.287+08:00  INFO 16768 --- [aluco-server] [           main] com.zaxxer.hikari.pool.HikariPool        : HikariPool-1 - Added connection com.mysql.cj.jdbc.ConnectionImpl@1d06801f
2026-08-06T14:54:01.293+08:00  INFO 16768 --- [aluco-server] [           main] com.zaxxer.hikari.HikariDataSource       : HikariPool-1 - Start completed.
2026-08-06T14:54:01.340+08:00  INFO 16768 --- [aluco-server] [           main] org.flywaydb.core.FlywayExecutor         : Database: jdbc:mysql://localhost:3306/aluco?useSSL=false&serverTimezone=UTC&allowPublicKeyRetrieval=true (MySQL 8.0)
2026-08-06T14:54:01.398+08:00  INFO 16768 --- [aluco-server] [           main] o.f.core.internal.command.DbValidate     : Successfully validated 2 migrations (execution time 00:00.040s)
2026-08-06T14:54:01.415+08:00  INFO 16768 --- [aluco-server] [           main] o.f.core.internal.command.DbMigrate      : Current version of schema `aluco`: 1
2026-08-06T14:54:01.433+08:00  INFO 16768 --- [aluco-server] [           main] o.f.core.internal.command.DbMigrate      : Migrating schema `aluco` to version "2 - v2 contract"
2026-08-06T14:54:01.933+08:00  INFO 16768 --- [aluco-server] [           main] o.f.core.internal.command.DbMigrate      : Successfully applied 1 migration to schema `aluco`, now at version v2 (execution time 00:00.475s)
2026-08-06T14:54:02.009+08:00  INFO 16768 --- [aluco-server] [           main] o.hibernate.jpa.internal.util.LogHelper  : HHH000204: Processing PersistenceUnitInfo [name: default]
2026-08-06T14:54:02.058+08:00  INFO 16768 --- [aluco-server] [           main] org.hibernate.Version                    : HHH000412: Hibernate ORM core version 6.6.4.Final
2026-08-06T14:54:02.078+08:00  INFO 16768 --- [aluco-server] [           main] o.h.c.internal.RegionFactoryInitiator    : HHH000026: Second-level cache disabled
2026-08-06T14:54:02.294+08:00  INFO 16768 --- [aluco-server] [           main] o.s.o.j.p.SpringPersistenceUnitInfo      : No LoadTimeWeaver setup: ignoring JPA class transformer
2026-08-06T14:54:02.363+08:00  INFO 16768 --- [aluco-server] [           main] org.hibernate.orm.connections.pooling    : HHH10001005: Database info:
	Database JDBC URL [Connecting through datasource 'HikariDataSource (HikariPool-1)']
	Database driver: undefined/unknown
	Database version: 8.0.27
	Autocommit mode: undefined/unknown
	Isolation level: undefined/unknown
	Minimum pool size: undefined/unknown
	Maximum pool size: undefined/unknown
2026-08-06T14:54:03.099+08:00  INFO 16768 --- [aluco-server] [           main] o.h.e.t.j.p.i.JtaPlatformInitiator       : HHH000489: No JTA platform available (set 'hibernate.transaction.jta.platform' to enable JTA platform integration)
2026-08-06T14:54:03.099+08:00  INFO 16768 --- [aluco-server] [           main] j.LocalContainerEntityManagerFactoryBean : Initialized JPA EntityManagerFactory for persistence unit 'default'
2026-08-06T14:54:03.568+08:00  INFO 16768 --- [aluco-server] [           main] o.s.d.j.r.query.QueryEnhancerFactory     : Hibernate is in classpath; If applicable, HQL parser will be used.
2026-08-06T14:54:04.690+08:00  WARN 16768 --- [aluco-server] [           main] ConfigServletWebServerApplicationContext : Exception encountered during context initialization - cancelling refresh attempt: org.springframework.beans.factory.UnsatisfiedDependencyException: Error creating bean with name 'authController' defined in URL [jar:nested:/D:/Program/Iot/aluco/aluco-server/target/aluco-server-1.0.0.jar/!BOOT-INF/classes/!/com/aluco/server/api/AuthController.class]: Unsatisfied dependency expressed through constructor parameter 0: No qualifying bean of type 'com.aluco.server.common.AuthService' available: expected at least 1 bean which qualifies as autowire candidate. Dependency annotations: {}
2026-08-06T14:54:04.691+08:00  INFO 16768 --- [aluco-server] [           main] j.LocalContainerEntityManagerFactoryBean : Closing JPA EntityManagerFactory for persistence unit 'default'
2026-08-06T14:54:04.693+08:00  INFO 16768 --- [aluco-server] [           main] com.zaxxer.hikari.HikariDataSource       : HikariPool-1 - Shutdown initiated...
2026-08-06T14:54:04.698+08:00  INFO 16768 --- [aluco-server] [           main] com.zaxxer.hikari.HikariDataSource       : HikariPool-1 - Shutdown completed.
2026-08-06T14:54:04.698+08:00  INFO 16768 --- [aluco-server] [           main] o.apache.catalina.core.StandardService   : Stopping service [Tomcat]
2026-08-06T14:54:04.713+08:00  INFO 16768 --- [aluco-server] [           main] .s.b.a.l.ConditionEvaluationReportLogger : 

Error starting ApplicationContext. To display the condition evaluation report re-run your application with 'debug' enabled.
2026-08-06T14:54:04.734+08:00 ERROR 16768 --- [aluco-server] [           main] o.s.b.d.LoggingFailureAnalysisReporter   : 

***************************
APPLICATION FAILED TO START
***************************

Description:

Parameter 0 of constructor in com.aluco.server.api.AuthController required a bean of type 'com.aluco.server.common.AuthService' that could not be found.


Action:

Consider defining a bean of type 'com.aluco.server.common.AuthService' in your configuration.

